// Jest Snapshot v1, https://goo.gl/fbAQLP

exports[`Autocomplete snapshot follow the user through the form 1`] = `
VueWrapper {
  "_emitted": Object {},
  "_emittedByOrder": Array [],
  "isFunctionalComponent": undefined,
}
`;

exports[`Autocomplete snapshot follow the user through the form 2`] = `
VueWrapper {
  "_emitted": Object {},
  "_emittedByOrder": Array [],
  "isFunctionalComponent": undefined,
}
`;
